// Jest Snapshot v1, https://goo.gl/fbAQLP

exports[`should render ButtonBackWithIcon should render correctly 1`] = `
<View
  accessible={true}
  collapsable={false}
  focusable={true}
  onClick={[Function]}
  onResponderGrant={[Function]}
  onResponderMove={[Function]}
  onResponderRelease={[Function]}
  onResponderTerminate={[Function]}
  onResponderTerminationRequest={[Function]}
  onStartShouldSetResponder={[Function]}
  style={
    {
      "backgroundColor": "rgba(0,0,0,0.25)",
      "borderRadius": 4,
      "left": 22.5,
      "opacity": 1,
      "padding": 2,
      "position": "absolute",
      "top": 26.5,
      "zIndex": 99,
    }
  }
>
  <Image
    source={
      {
        "testUri": "../../../src/Assets/icons/ic-arrow-left.png",
      }
    }
    testID="btn-back-icon"
  />
</View>
`;
